Microchip MPLAB XC8 Compiler V2.31

Linker command line:

-W-3 --edf=C:\XC8_Compiler\pic\dat\en_msgs.txt -cn \
  -h+dist/default/production\Final_LED_test.X.production.sym \
  --cmf=dist/default/production\Final_LED_test.X.production.cmf -z \
  -Q18F4331 -oC:\Users\partw\AppData\Local\Temp\sbao.2 \
  --defsym=__MPLAB_BUILD=1 \
  -Mdist/default/production/Final_LED_test.X.production.map -E1 \
  -ver=XC8 Compiler --acfsm=1493 -ASTACK=062h-02FFh -pstack=STACK \
  -ACODE=00h-01FFFh -ACONST=00h-01FFFh -ASMALLCONST=0300h-03FFhx29 \
  -AMEDIUMCONST=0300h-01FFFh -ACOMRAM=01h-05Fh -AABS1=00h-02FFh \
  -ABIGRAM=01h-02FFh -ARAM=060h-0FFh,0100h-01FFhx2 -ABANK0=060h-0FFh \
  -ABANK1=0100h-01FFh -ABANK2=0200h-02FFh -ASFR=0F60h-0FFFh \
  -ACONFIG=0300000h-030000Dh -AIDLOC=0200000h-0200007h \
  -AEEDATA=0F00000h-0F000FFh -peeprom_data=EEDATA \
  -preset_vec=00h,intcode=08h,intcodelo=018h,powerup,init -pramtop=0300h \
  -psmallconst=SMALLCONST -pmediumconst=MEDIUMCONST -pconst=CONST \
  -AFARRAM=00h-00h \
  -prdata=COMRAM,nvrram=COMRAM,nvbit=COMRAM,rbss=COMRAM,rbit=COMRAM \
  -pfarbss=FARRAM,fardata=FARRAM,nvFARRAM=FARRAM \
  -pintsave_regs=BIGRAM,bigbss=BIGRAM,bigdata=BIGRAM -pbss=RAM \
  -pidata=CODE,irdata=CODE,ibigdata=CODE,ifardata=CODE -prparam=COMRAM \
  C:\Users\partw\AppData\Local\Temp\sbao.o \
  dist/default/production\Final_LED_test.X.production.o 

Object code version is 3.11

Machine type is 18F4331



                Name                               Link     Load   Length Selector   Space Scale
C:\Users\partw\AppData\Local\Temp\sbao.o
                idloc                            200000   200000        8        0       5
                config                           300000   300000        E        0       4
                init                                 2A       2A        4        C       0
                reset_vec                             0        0        4        0       0
dist/default/production\Final_LED_test.X.production.o
                intcodelo                            18       18       12        C       0
                intcode                               8        8        6        4       0
                idloc                            200000   200000        8        0       5
                config                           300000   300000        E        0       4
                temp                                 4E       4E        1        1       1
                smallconst                          300      300       58      180       0
                text16                              D56      D56       22      1AC       0
                text15                              D98      D98       20      1AC       0
                text14                              958      958       DC      1AC       0
                text13                              C02      C02       4C      1AC       0
                text12                              B64      B64       52      1AC       0
                text11                              CFC      CFC       38      1AC       0
                text10                              358      358      3AE      1AC       0
                intcode_body                        AA8      AA8       6A      1AC       0
                text7                               D34      D34       22      1AC       0
                text6                               D78      D78       20      1AC       0
                text5                               CC4      CC4       38      1AC       0
                text4                               BB6      BB6       4C      1AC       0
                text3                               B12      B12       52      1AC       0
                text2                               C8C      C8C       38      1AC       0
                text1                               A34      A34       74      1AC       0
                text0                               706      706      252      1AC       0
                cstackCOMRAM                         2F       2F       1B        1       1
                cstackBANK0                          60       60        2       60       1
                dataCOMRAM                           4A       4A        4        1       1
                bssCOMRAM                             1        1       2E        1       1
                cinit                               C4E      C4E       3E      1AC       0
                idataCOMRAM                         DB8      DB8        4      1AC       0

TOTAL           Name                               Link     Load   Length     Space
        CLASS   STACK          

        CLASS   CODE           
                intcodelo                            18       18       12         0
                intcode                               8        8        6         0
                init                                 2A       2A        4         0
                reset_vec                             0        0        4         0
                text16                              D56      D56       22         0
                text15                              D98      D98       20         0
                text14                              958      958       DC         0
                text13                              C02      C02       4C         0
                text12                              B64      B64       52         0
                text11                              CFC      CFC       38         0
                text10                              358      358      3AE         0
                intcode_body                        AA8      AA8       6A         0
                text7                               D34      D34       22         0
                text6                               D78      D78       20         0
                text5                               CC4      CC4       38         0
                text4                               BB6      BB6       4C         0
                text3                               B12      B12       52         0
                text2                               C8C      C8C       38         0
                text1                               A34      A34       74         0
                text0                               706      706      252         0
                cinit                               C4E      C4E       3E         0
                idataCOMRAM                         DB8      DB8        4         0

        CLASS   CONST          

        CLASS   SMALLCONST     
                smallconst                          300      300       58         0

        CLASS   MEDIUMCONST    

        CLASS   COMRAM         
                temp                                 4E       4E        1         1
                cstackCOMRAM                         2F       2F       1B         1
                dataCOMRAM                           4A       4A        4         1
                bssCOMRAM                             1        1       2E         1

        CLASS   ABS1           

        CLASS   BIGRAM         

        CLASS   RAM            

        CLASS   BANK0          
                cstackBANK0                          60       60        2         1

        CLASS   BANK1          

        CLASS   BANK2          

        CLASS   SFR            

        CLASS   CONFIG         
                config                           300000   300000        E         4

        CLASS   IDLOC          
                idloc                            200000   200000        8         5

        CLASS   EEDATA         

        CLASS   FARRAM         



SEGMENTS        Name                           Load    Length   Top    Selector   Space  Class

                reset_vec                      000000  000004  000004         0       0  CODE    
                bssCOMRAM                      000001  00004E  00004F         1       1  COMRAM  
                intcode                        000008  000006  00000E         4       0  CODE    
                intcodelo                      000018  000016  00002E         C       0  CODE    
                cstackBANK0                    000060  000002  000062        60       1  BANK0   
                smallconst                     000300  000058  000358       180       0  SMALLCON
                text10                         000358  000A64  000DBC       1AC       0  CODE    


UNUSED ADDRESS RANGES

        Name                Unused          Largest block    Delta
        BANK0            000062-0000FF               9E
        BANK1            000100-0001FF              100
        BANK2            000200-0002FF              100
        BIGRAM           00004F-00005F               11
                         000062-0002FF              29E
        CODE             000004-000007                4
                         00000E-000017                A
                         00002E-0002FF              2D2
                         000DBC-001FFF             1244
        COMRAM           00004F-00005F               11
        CONST            000004-000007                4
                         00000E-000017                A
                         00002E-0002FF              2D2
                         000DBC-001FFF             1244
        EEDATA           F00000-F000FF              100
        MEDIUMCONST      000DBC-001FFF             1244
        RAM              000062-0002FF              100
        SFR              000F60-000FFF               A0
        SMALLCONST       000DBC-001FFF              100
        STACK            000062-0002FF              29E

                                  Symbol Table

?___lwdiv                    cstackCOMRAM 000040
LCD_command@command          cstackCOMRAM 000042
LCD_print@i                  cstackCOMRAM 000042
LCD_print@x                  cstackCOMRAM 000041
LCD_print_string@i           cstackCOMRAM 000048
LCD_print_string@str         cstackCOMRAM 000044
LCD_set_pos@x                cstackCOMRAM 000046
LCD_set_pos@y                cstackCOMRAM 000043
_ADCHS                       (abs)        000F99
_ADCON0                      (abs)        000FC2
_ADCON0bits                  (abs)        000FC2
_ADCON1                      (abs)        000FC1
_ADCON2                      (abs)        000FC0
_ADCON3                      (abs)        000F9A
_ADRESH                      (abs)        000FC4
_ADRESL                      (abs)        000FC3
_ANSEL0                      (abs)        000FB8
_INTCON2bits                 (abs)        000FF1
_INTCONbits                  (abs)        000FF2
_LATA                        (abs)        000F89
_LATB                        (abs)        000F8A
_LATD                        (abs)        000F8C
_LATDbits                    (abs)        000F8C
_LCD_clock                   text7        000D34
_LCD_command                 text6        000D78
_LCD_init_8bits              text5        000CC4
_LCD_print                   text4        000BB6
_LCD_print_string            text3        000B12
_LCD_set_pos                 text2        000C8C
_OSCCON                      (abs)        000FD3
_PORTCbits                   (abs)        000F82
_RCONbits                    (abs)        000FD0
_T0CON                       (abs)        000FD5
_TMR0                        (abs)        000FD6
_TMR0IF                      (abs)        007F92
_TRISAbits                   (abs)        000F92
_TRISB                       (abs)        000F93
_TRISCbits                   (abs)        000F94
_TRISD                       (abs)        000F95
_TRISDbits                   (abs)        000F95
__HRAM                       (abs)        000000
__Habs1                      abs1         000000
__Hbank0                     bank0        000000
__Hbank1                     bank1        000000
__Hbank2                     bank2        000000
__Hbigbss                    bigbss       000000
__Hbigdata                   bigdata      000000
__Hbigram                    bigram       000000
__Hbss                       bss          000000
__HbssCOMRAM                 bssCOMRAM    000000
__Hcinit                     cinit        000000
__Hclrtext                   clrtext      000000
__Hcomram                    comram       000000
__Hconfig                    config       30000E
__Hconst                     const        000000
__HcstackBANK0               cstackBANK0  000000
__HcstackCOMRAM              cstackCOMRAM 000000
__Hdata                      data         000000
__HdataCOMRAM                dataCOMRAM   000000
__Heeprom_data               eeprom_data  000000
__Hfarbss                    farbss       000000
__Hfardata                   fardata      000000
__Hibigdata                  ibigdata     000000
__Hidata                     idata        000000
__HidataCOMRAM               idataCOMRAM  000000
__Hidloc                     idloc        200008
__Hifardata                  ifardata     000000
__Hinit                      init         00002E
__Hintcode                   intcode      00000E
__Hintcode_body              intcode_body 000000
__Hintcodelo                 intcodelo    00002A
__Hintentry                  intentry     000000
__Hintret                    intret       000000
__Hintsave_regs              intsave_regs 000000
__Hirdata                    irdata       000000
__Hmediumconst               mediumconst  000000
__HnvFARRAM                  nvFARRAM     000000
__Hnvbit                     nvbit        000000
__Hnvrram                    nvrram       000000
__Hparam                     rparam       000000
__Hpowerup                   powerup      00002A
__Hram                       ram          000000
__Hramtop                    ramtop       000300
__Hrbit                      rbit         000000
__Hrbss                      rbss         000000
__Hrdata                     rdata        000000
__Hreset_vec                 reset_vec    000004
__Hrparam                    rparam       000000
__Hsfr                       sfr          000000
__Hsmallconst                smallconst   000358
__Hspace_0                   (abs)        000DBC
__Hspace_1                   (abs)        000062
__Hspace_2                   (abs)        000000
__Hspace_4                   (abs)        60000E
__Hstack                     stack        000000
__Hstruct                    struct       000000
__Htemp                      temp         00004F
__Htext                      text         000000
__Htext0                     text0        000000
__Htext1                     text1        000000
__Htext10                    text10       000000
__Htext11                    text11       000000
__Htext12                    text12       000000
__Htext13                    text13       000000
__Htext14                    text14       000000
__Htext15                    text15       000000
__Htext16                    text16       000000
__Htext2                     text2        000000
__Htext3                     text3        000000
__Htext4                     text4        000000
__Htext5                     text5        000000
__Htext6                     text6        000000
__Htext7                     text7        000000
__LRAM                       (abs)        000001
__Labs1                      abs1         000000
__Lbank0                     bank0        000000
__Lbank1                     bank1        000000
__Lbank2                     bank2        000000
__Lbigbss                    bigbss       000000
__Lbigdata                   bigdata      000000
__Lbigram                    bigram       000000
__Lbss                       bss          000000
__LbssCOMRAM                 bssCOMRAM    000000
__Lcinit                     cinit        000000
__Lclrtext                   clrtext      000000
__Lcomram                    comram       000000
__Lconfig                    config       000000
__Lconst                     const        000000
__LcstackBANK0               cstackBANK0  000000
__LcstackCOMRAM              cstackCOMRAM 000000
__Ldata                      data         000000
__LdataCOMRAM                dataCOMRAM   000000
__Leeprom_data               eeprom_data  000000
__Lfarbss                    farbss       000000
__Lfardata                   fardata      000000
__Libigdata                  ibigdata     000000
__Lidata                     idata        000000
__LidataCOMRAM               idataCOMRAM  000000
__Lidloc                     idloc        000000
__Lifardata                  ifardata     000000
__Linit                      init         00002A
__Lintcode                   intcode      000008
__Lintcode_body              intcode_body 000000
__Lintcodelo                 intcodelo    000018
__Lintentry                  intentry     000000
__Lintret                    intret       000000
__Lintsave_regs              intsave_regs 000000
__Lirdata                    irdata       000000
__Lmediumconst               mediumconst  000000
__LnvFARRAM                  nvFARRAM     000000
__Lnvbit                     nvbit        000000
__Lnvrram                    nvrram       000000
__Lparam                     rparam       000000
__Lpowerup                   powerup      00002A
__Lram                       ram          000000
__Lramtop                    ramtop       000300
__Lrbit                      rbit         000000
__Lrbss                      rbss         000000
__Lrdata                     rdata        000000
__Lreset_vec                 reset_vec    000000
__Lrparam                    rparam       000000
__Lsfr                       sfr          000000
__Lsmallconst                smallconst   000300
__Lspace_0                   (abs)        000000
__Lspace_1                   (abs)        000000
__Lspace_2                   (abs)        000000
__Lspace_4                   (abs)        000000
__Lstack                     stack        000000
__Lstruct                    struct       000000
__Ltemp                      temp         00004E
__Ltext                      text         000000
__Ltext0                     text0        000000
__Ltext1                     text1        000000
__Ltext10                    text10       000000
__Ltext11                    text11       000000
__Ltext12                    text12       000000
__Ltext13                    text13       000000
__Ltext14                    text14       000000
__Ltext15                    text15       000000
__Ltext16                    text16       000000
__Ltext2                     text2        000000
__Ltext3                     text3        000000
__Ltext4                     text4        000000
__Ltext5                     text5        000000
__Ltext6                     text6        000000
__Ltext7                     text7        000000
__S0                         (abs)        000DBC
__S1                         (abs)        000062
__S2                         (abs)        000000
__S4                         (abs)        000000
__S5                         (abs)        000000
___inthi_sp                  stack        000000
___intlo_sp                  stack        000000
___lwdiv                     text1        000A34
___lwdiv@counter             cstackCOMRAM 000046
___lwdiv@dividend            cstackCOMRAM 000040
___lwdiv@divisor             cstackCOMRAM 000042
___lwdiv@quotient            cstackCOMRAM 000044
___param_bank                (abs)        000000
___rparam_used               (abs)        000001
___sp                        stack        000000
__accesstop                  (abs)        000060
__activetblptr               (abs)        000001
__end_of_LCD_clock           text7        000D56
__end_of_LCD_command         text6        000D98
__end_of_LCD_init_8bits      text5        000CFC
__end_of_LCD_print           text4        000C02
__end_of_LCD_print_string    text3        000B64
__end_of_LCD_set_pos         text2        000CC4
__end_of___lwdiv             text1        000AA8
__end_of__initialization     cinit        000C7A
__end_of_high_isr            intcode_body 000B12
__end_of_low_isr             intcodelo    00002A
__end_of_main                text0        000958
__end_of_reset_sim           text14       000A34
__end_of_stoplight           text10       000706
__end_ofi2_LCD_clock         text16       000D78
__end_ofi2_LCD_command       text15       000DB8
__end_ofi2_LCD_print         text13       000C4E
__end_ofi2_LCD_print_string  text12       000BB6
__end_ofi2_LCD_set_pos       text11       000D34
__initialization             cinit        000C4E
__mediumconst                mediumconst  000000
__pbssCOMRAM                 bssCOMRAM    000001
__pcinit                     cinit        000C4E
__pcstackBANK0               cstackBANK0  000060
__pcstackCOMRAM              cstackCOMRAM 00002F
__pdataCOMRAM                dataCOMRAM   00004A
__pidataCOMRAM               idataCOMRAM  000DB8
__pintcode                   intcode      000008
__pintcode_body              intcode_body 000AA8
__pintcodelo                 intcodelo    000018
__psmallconst                smallconst   000300
__ptext0                     text0        000706
__ptext1                     text1        000A34
__ptext10                    text10       000358
__ptext11                    text11       000CFC
__ptext12                    text12       000B64
__ptext13                    text13       000C02
__ptext14                    text14       000958
__ptext15                    text15       000D98
__ptext16                    text16       000D56
__ptext2                     text2        000C8C
__ptext3                     text3        000B12
__ptext4                     text4        000BB6
__ptext5                     text5        000CC4
__ptext6                     text6        000D78
__ptext7                     text7        000D34
__ramtop                     ramtop       000300
__size_of_LCD_clock          (abs)        000000
__size_of_LCD_command        (abs)        000000
__size_of_LCD_init_8bits     (abs)        000000
__size_of_LCD_print          (abs)        000000
__size_of_LCD_print_string   (abs)        000000
__size_of_LCD_set_pos        (abs)        000000
__size_of___lwdiv            (abs)        000000
__size_of_high_isr           (abs)        000000
__size_of_low_isr            (abs)        000000
__size_of_main               (abs)        000000
__size_of_reset_sim          (abs)        000000
__size_of_stoplight          (abs)        000000
__size_ofi2_LCD_clock        (abs)        000000
__size_ofi2_LCD_command      (abs)        000000
__size_ofi2_LCD_print        (abs)        000000
__size_ofi2_LCD_print_string (abs)        000000
__size_ofi2_LCD_set_pos      (abs)        000000
__smallconst                 smallconst   000300
_count                       dataCOMRAM   00004C
_flag                        bssCOMRAM    000024
_high_isr                    intcode      000008
_light_count                 dataCOMRAM   00004A
_light_value                 bssCOMRAM    000028
_low_isr                     intcodelo    000018
_main                        text0        000706
_pos_track                   bssCOMRAM    000027
_pot_value                   bssCOMRAM    000022
_print_buffer                bssCOMRAM    000001
_reset_flag                  bssCOMRAM    00002B
_reset_sim                   text14       000958
_speed_count                 bssCOMRAM    000029
_speed_value                 bssCOMRAM    00002A
_stoplight                   text10       000358
_uart_char                   bssCOMRAM    00002E
_uart_rcv_data               bssCOMRAM    00002D
_voltage                     bssCOMRAM    00002C
btemp                        temp         00004E
end_of_initialization        cinit        000C7A
i2LCD_command@command        cstackCOMRAM 000031
i2LCD_print@i                cstackCOMRAM 000031
i2LCD_print@x                cstackCOMRAM 000030
i2LCD_print_string@i         cstackCOMRAM 000037
i2LCD_print_string@str       cstackCOMRAM 000033
i2LCD_set_pos@x              cstackCOMRAM 000035
i2LCD_set_pos@y              cstackCOMRAM 000032
i2_LCD_clock                 text16       000D56
i2_LCD_command               text15       000D98
i2_LCD_print                 text13       000C02
i2_LCD_print_string          text12       000B64
i2_LCD_set_pos               text11       000CFC
int$flags                    temp         00004E
int_func                     intcode_body 000AA8
intlevel0                    text         000000
intlevel1                    text         000000
intlevel2                    text         000000
intlevel3                    text         000000
stackhi                      (abs)        0002FF
stacklo                      (abs)        000062
start                        init         00002A
start_initialization         cinit        000C4E
ttemp5                       temp         00004F
ttemp6                       temp         000052
ttemp7                       temp         000056
wtemp8                       temp         00004F


FUNCTION INFORMATION:

 *************** function _main *****************
 Defined at:
		line 365 in file "final_led_test.c"
 Parameters:    Size  Location     Type
		None
 Auto vars:     Size  Location     Type
		None
 Return value:  Size  Location     Type
                  1    wreg      void 
 Registers used:
		wreg, status,2, status,0, tblptrl, tblptrh, tblptru, cstack
 Tracked objects:
		On entry : 
		On exit  : 
		Unchanged: 
 Data sizes:     COMRAM   BANK0   BANK1   BANK2
      Params:         0       0       0       0
      Locals:         0       0       0       0
      Temps:          0       2       0       0
      Totals:         0       2       0       0
Total ram usage:        2 bytes
 Hardware stack levels required when called:    9
 This function calls:
		_LCD_init_8bits
		_LCD_print_string
		_LCD_set_pos
		___lwdiv
 This function is called by:
		Startup code after reset
 This function uses a non-reentrant model


 *************** function ___lwdiv *****************
 Defined at:
		line 7 in file "C:\XC8_Compiler\pic\sources\c99\common\lwdiv.c"
 Parameters:    Size  Location     Type
  dividend        2   17[COMRAM] unsigned int 
  divisor         2   19[COMRAM] unsigned int 
 Auto vars:     Size  Location     Type
  quotient        2   21[COMRAM] unsigned int 
  counter         1   23[COMRAM] unsigned char 
 Return value:  Size  Location     Type
                  2   17[COMRAM] unsigned int 
 Registers used:
		wreg, status,2, status,0
 Tracked objects:
		On entry : 
		On exit  : 
		Unchanged: 
 Data sizes:     COMRAM   BANK0   BANK1   BANK2
      Params:         4       0       0       0
      Locals:         3       0       0       0
      Temps:          0       0       0       0
      Totals:         7       0       0       0
Total ram usage:        7 bytes
 Hardware stack levels used:    1
 Hardware stack levels required when called:    6
 This function calls:
		Nothing
 This function is called by:
		_main
 This function uses a non-reentrant model


 *************** function _LCD_set_pos *****************
 Defined at:
		line 147 in file "final_led_test.c"
 Parameters:    Size  Location     Type
  x               1    wreg     unsigned char 
  y               1   20[COMRAM] unsigned char 
 Auto vars:     Size  Location     Type
  x               1   23[COMRAM] unsigned char 
 Return value:  Size  Location     Type
                  1    wreg      unsigned char 
 Registers used:
		wreg, status,2, status,0, cstack
 Tracked objects:
		On entry : 
		On exit  : 
		Unchanged: 
 Data sizes:     COMRAM   BANK0   BANK1   BANK2
      Params:         1       0       0       0
      Locals:         1       0       0       0
      Temps:          2       0       0       0
      Totals:         4       0       0       0
Total ram usage:        4 bytes
 Hardware stack levels used:    1
 Hardware stack levels required when called:    8
 This function calls:
		_LCD_command
 This function is called by:
		_main
 This function uses a non-reentrant model


 *************** function _LCD_print_string *****************
 Defined at:
		line 173 in file "final_led_test.c"
 Parameters:    Size  Location     Type
  str             2   21[COMRAM] PTR const unsigned char 
		 -> STR_12(10), STR_11(10), STR_10(10), STR_9(10), 
		 -> STR_8(10), STR_7(10), STR_6(13), STR_5(13), 
		 -> STR_4(13), STR_3(13), STR_2(13), STR_1(13), 
 Auto vars:     Size  Location     Type
  i               2   25[COMRAM] int 
 Return value:  Size  Location     Type
                  1    wreg      void 
 Registers used:
		wreg, status,2, status,0, tblptrl, tblptrh, tblptru, cstack
 Tracked objects:
		On entry : 
		On exit  : 
		Unchanged: 
 Data sizes:     COMRAM   BANK0   BANK1   BANK2
      Params:         2       0       0       0
      Locals:         2       0       0       0
      Temps:          2       0       0       0
      Totals:         6       0       0       0
Total ram usage:        6 bytes
 Hardware stack levels used:    1
 Hardware stack levels required when called:    7
 This function calls:
		_LCD_print
 This function is called by:
		_main
 This function uses a non-reentrant model


 *************** function _LCD_print *****************
 Defined at:
		line 160 in file "final_led_test.c"
 Parameters:    Size  Location     Type
  x               1    wreg     unsigned char 
 Auto vars:     Size  Location     Type
  x               1   18[COMRAM] unsigned char 
  i               2   19[COMRAM] int 
 Return value:  Size  Location     Type
                  1    wreg      void 
 Registers used:
		wreg, status,2, status,0
 Tracked objects:
		On entry : 
		On exit  : 
		Unchanged: 
 Data sizes:     COMRAM   BANK0   BANK1   BANK2
      Params:         0       0       0       0
      Locals:         3       0       0       0
      Temps:          1       0       0       0
      Totals:         4       0       0       0
Total ram usage:        4 bytes
 Hardware stack levels used:    1
 Hardware stack levels required when called:    6
 This function calls:
		Nothing
 This function is called by:
		_LCD_print_string
 This function uses a non-reentrant model


 *************** function _LCD_init_8bits *****************
 Defined at:
		line 133 in file "final_led_test.c"
 Parameters:    Size  Location     Type
		None
 Auto vars:     Size  Location     Type
		None
 Return value:  Size  Location     Type
                  1    wreg      void 
 Registers used:
		wreg, cstack
 Tracked objects:
		On entry : 
		On exit  : 
		Unchanged: 
 Data sizes:     COMRAM   BANK0   BANK1   BANK2
      Params:         0       0       0       0
      Locals:         0       0       0       0
      Temps:          1       0       0       0
      Totals:         1       0       0       0
Total ram usage:        1 bytes
 Hardware stack levels used:    1
 Hardware stack levels required when called:    8
 This function calls:
		_LCD_command
 This function is called by:
		_main
 This function uses a non-reentrant model


 *************** function _LCD_command *****************
 Defined at:
		line 111 in file "final_led_test.c"
 Parameters:    Size  Location     Type
  command         1    wreg     unsigned char 
 Auto vars:     Size  Location     Type
  command         1   19[COMRAM] unsigned char 
 Return value:  Size  Location     Type
                  1    wreg      void 
 Registers used:
		wreg, cstack
 Tracked objects:
		On entry : 
		On exit  : 
		Unchanged: 
 Data sizes:     COMRAM   BANK0   BANK1   BANK2
      Params:         0       0       0       0
      Locals:         1       0       0       0
      Temps:          1       0       0       0
      Totals:         2       0       0       0
Total ram usage:        2 bytes
 Hardware stack levels used:    1
 Hardware stack levels required when called:    7
 This function calls:
		_LCD_clock
 This function is called by:
		_LCD_init_8bits
		_LCD_set_pos
 This function uses a non-reentrant model


 *************** function _LCD_clock *****************
 Defined at:
		line 103 in file "final_led_test.c"
 Parameters:    Size  Location     Type
		None
 Auto vars:     Size  Location     Type
		None
 Return value:  Size  Location     Type
                  1    wreg      void 
 Registers used:
		wreg
 Tracked objects:
		On entry : 
		On exit  : 
		Unchanged: 
 Data sizes:     COMRAM   BANK0   BANK1   BANK2
      Params:         0       0       0       0
      Locals:         0       0       0       0
      Temps:          1       0       0       0
      Totals:         1       0       0       0
Total ram usage:        1 bytes
 Hardware stack levels used:    1
 Hardware stack levels required when called:    6
 This function calls:
		Nothing
 This function is called by:
		_LCD_command
 This function uses a non-reentrant model


 *************** function _low_isr *****************
 Defined at:
		line 475 in file "final_led_test.c"
 Parameters:    Size  Location     Type
		None
 Auto vars:     Size  Location     Type
		None
 Return value:  Size  Location     Type
                  1    wreg      void 
 Registers used:
		None
 Tracked objects:
		On entry : 
		On exit  : 
		Unchanged: 
 Data sizes:     COMRAM   BANK0   BANK1   BANK2
      Params:         0       0       0       0
      Locals:         0       0       0       0
      Temps:          1       0       0       0
      Totals:         1       0       0       0
Total ram usage:        1 bytes
 Hardware stack levels used:    1
 Hardware stack levels required when called:    5
 This function calls:
		Nothing
 This function is called by:
		Interrupt level 1
 This function uses a non-reentrant model


 *************** function _high_isr *****************
 Defined at:
		line 460 in file "final_led_test.c"
 Parameters:    Size  Location     Type
		None
 Auto vars:     Size  Location     Type
		None
 Return value:  Size  Location     Type
                  1    wreg      void 
 Registers used:
		wreg, status,2, status,0, tblptrl, tblptrh, tblptru, cstack
 Tracked objects:
		On entry : 
		On exit  : 
		Unchanged: 
 Data sizes:     COMRAM   BANK0   BANK1   BANK2
      Params:         0       0       0       0
      Locals:         0       0       0       0
      Temps:          4       0       0       0
      Totals:         4       0       0       0
Total ram usage:        4 bytes
 Hardware stack levels used:    1
 Hardware stack levels required when called:    4
 This function calls:
		_stoplight
 This function is called by:
		Interrupt level 2
 This function uses a non-reentrant model


 *************** function _stoplight *****************
 Defined at:
		line 216 in file "final_led_test.c"
 Parameters:    Size  Location     Type
		None
 Auto vars:     Size  Location     Type
		None
 Return value:  Size  Location     Type
                  1    wreg      void 
 Registers used:
		wreg, status,2, status,0, tblptrl, tblptrh, tblptru, cstack
 Tracked objects:
		On entry : 
		On exit  : 
		Unchanged: 
 Data sizes:     COMRAM   BANK0   BANK1   BANK2
      Params:         0       0       0       0
      Locals:         0       0       0       0
      Temps:          2       0       0       0
      Totals:         2       0       0       0
Total ram usage:        2 bytes
 Hardware stack levels used:    1
 Hardware stack levels required when called:    3
 This function calls:
		_reset_sim
		i2_LCD_print_string
		i2_LCD_set_pos
 This function is called by:
		_high_isr
 This function uses a non-reentrant model


 *************** function i2_LCD_set_pos *****************
 Defined at:
		line 147 in file "final_led_test.c"
 Parameters:    Size  Location     Type
  x               1    wreg     unsigned char 
  y               1    3[COMRAM] unsigned char 
 Auto vars:     Size  Location     Type
  x               1    6[COMRAM] unsigned char 
 Return value:  Size  Location     Type
                  1    wreg      unsigned char 
 Registers used:
		wreg, status,2, status,0, cstack
 Tracked objects:
		On entry : 
		On exit  : 
		Unchanged: 
 Data sizes:     COMRAM   BANK0   BANK1   BANK2
      Params:         1       0       0       0
      Locals:         1       0       0       0
      Temps:          2       0       0       0
      Totals:         4       0       0       0
Total ram usage:        4 bytes
 Hardware stack levels used:    1
 Hardware stack levels required when called:    2
 This function calls:
		i2_LCD_command
 This function is called by:
		_stoplight
 This function uses a non-reentrant model


 *************** function i2_LCD_print_string *****************
 Defined at:
		line 173 in file "final_led_test.c"
 Parameters:    Size  Location     Type
  str             2    4[COMRAM] PTR const unsigned char 
		 -> STR_12(10), STR_11(10), STR_10(10), STR_9(10), 
		 -> STR_8(10), STR_7(10), STR_6(13), STR_5(13), 
		 -> STR_4(13), STR_3(13), STR_2(13), STR_1(13), 
 Auto vars:     Size  Location     Type
  i               2    8[COMRAM] int 
 Return value:  Size  Location     Type
                  1    wreg      void 
 Registers used:
		wreg, status,2, status,0, tblptrl, tblptrh, tblptru, cstack
 Tracked objects:
		On entry : 
		On exit  : 
		Unchanged: 
 Data sizes:     COMRAM   BANK0   BANK1   BANK2
      Params:         2       0       0       0
      Locals:         2       0       0       0
      Temps:          2       0       0       0
      Totals:         6       0       0       0
Total ram usage:        6 bytes
 Hardware stack levels used:    1
 Hardware stack levels required when called:    1
 This function calls:
		i2_LCD_print
 This function is called by:
		_stoplight
 This function uses a non-reentrant model


 *************** function i2_LCD_print *****************
 Defined at:
		line 160 in file "final_led_test.c"
 Parameters:    Size  Location     Type
  x               1    wreg     unsigned char 
 Auto vars:     Size  Location     Type
  x               1    1[COMRAM] unsigned char 
  i               2    2[COMRAM] int 
 Return value:  Size  Location     Type
                  1    wreg      void 
 Registers used:
		wreg, status,2, status,0
 Tracked objects:
		On entry : 
		On exit  : 
		Unchanged: 
 Data sizes:     COMRAM   BANK0   BANK1   BANK2
      Params:         0       0       0       0
      Locals:         3       0       0       0
      Temps:          1       0       0       0
      Totals:         4       0       0       0
Total ram usage:        4 bytes
 Hardware stack levels used:    1
 This function calls:
		Nothing
 This function is called by:
		i2_LCD_print_string
 This function uses a non-reentrant model


 *************** function _reset_sim *****************
 Defined at:
		line 181 in file "final_led_test.c"
 Parameters:    Size  Location     Type
		None
 Auto vars:     Size  Location     Type
		None
 Return value:  Size  Location     Type
                  1    wreg      void 
 Registers used:
		wreg, status,2, status,0, cstack
 Tracked objects:
		On entry : 
		On exit  : 
		Unchanged: 
 Data sizes:     COMRAM   BANK0   BANK1   BANK2
      Params:         0       0       0       0
      Locals:         0       0       0       0
      Temps:          2       0       0       0
      Totals:         2       0       0       0
Total ram usage:        2 bytes
 Hardware stack levels used:    1
 Hardware stack levels required when called:    2
 This function calls:
		i2_LCD_command
 This function is called by:
		_stoplight
 This function uses a non-reentrant model


 *************** function i2_LCD_command *****************
 Defined at:
		line 111 in file "final_led_test.c"
 Parameters:    Size  Location     Type
  command         1    wreg     unsigned char 
 Auto vars:     Size  Location     Type
  command         1    2[COMRAM] unsigned char 
 Return value:  Size  Location     Type
                  1    wreg      void 
 Registers used:
		wreg, cstack
 Tracked objects:
		On entry : 
		On exit  : 
		Unchanged: 
 Data sizes:     COMRAM   BANK0   BANK1   BANK2
      Params:         0       0       0       0
      Locals:         1       0       0       0
      Temps:          1       0       0       0
      Totals:         2       0       0       0
Total ram usage:        2 bytes
 Hardware stack levels used:    1
 Hardware stack levels required when called:    1
 This function calls:
		i2_LCD_clock
 This function is called by:
		_reset_sim
		i2_LCD_set_pos
 This function uses a non-reentrant model


 *************** function i2_LCD_clock *****************
 Defined at:
		line 103 in file "final_led_test.c"
 Parameters:    Size  Location     Type
		None
 Auto vars:     Size  Location     Type
		None
 Return value:  Size  Location     Type
                  1    wreg      void 
 Registers used:
		wreg
 Tracked objects:
		On entry : 
		On exit  : 
		Unchanged: 
 Data sizes:     COMRAM   BANK0   BANK1   BANK2
      Params:         0       0       0       0
      Locals:         0       0       0       0
      Temps:          1       0       0       0
      Totals:         1       0       0       0
Total ram usage:        1 bytes
 Hardware stack levels used:    1
 This function calls:
		Nothing
 This function is called by:
		i2_LCD_command
 This function uses a non-reentrant model



MODULE INFORMATION

Module		Function		Class		Link	Load	Size
final_led_test.c
		_LCD_print     		CODE           	0BB6	0000	76
		_LCD_print_string		CODE           	0B12	0000	82
		_main          		CODE           	0706	0000	594
		_high_isr      		CODE           	0008	0000	112
		_LCD_command   		CODE           	0D78	0000	32
		_stoplight     		CODE           	0358	0000	942
		_LCD_set_pos   		CODE           	0C8C	0000	56
		_reset_sim     		CODE           	0958	0000	220
		_LCD_init_8bits		CODE           	0CC4	0000	56
		_low_isr       		CODE           	0018	0000	18
		_LCD_clock     		CODE           	0D34	0000	34

final_led_test.c estimated size: 2222

C:\XC8_Compiler\pic\sources\c99\common\lwdiv.c
		___lwdiv       		CODE           	0A34	0000	116

C:\XC8_Compiler\pic\sources\c99\common\lwdiv.c estimated size: 116

shared
		i2_LCD_print   		CODE           	0C02	0000	76
		i2_LCD_clock   		CODE           	0D56	0000	34
		i2_LCD_command 		CODE           	0D98	0000	32
		i2_LCD_set_pos 		CODE           	0CFC	0000	56
		__initialization		CODE           	0C4E	0000	44
		i2_LCD_print_string		CODE           	0B64	0000	82

shared estimated size: 324

